> ## Example 1
> df <- read.csv("data.csv")
> summary(df)
     admit             gre             gpa             rank      
 Min.   :0.0000   Min.   :220.0   Min.   :2.260   Min.   :1.000  
 1st Qu.:0.0000   1st Qu.:520.0   1st Qu.:3.130   1st Qu.:2.000  
 Median :0.0000   Median :580.0   Median :3.395   Median :2.000  
 Mean   :0.3175   Mean   :587.7   Mean   :3.390   Mean   :2.485  
 3rd Qu.:1.0000   3rd Qu.:660.0   3rd Qu.:3.670   3rd Qu.:3.000  
 Max.   :1.0000   Max.   :800.0   Max.   :4.000   Max.   :4.000  
> dim(df)
[1] 400   4
> 
> table(df$admit, useNA="ifany")

  0   1 
273 127 
> table(df$rank, useNA="ifany")

  1   2   3   4 
 61 151 121  67 
> 
> #so that the sql is simpler, we'll treat rank as a continuous variable
> summary(glm(admit ~ gre + gpa + rank, data=df, family=binomial("logit")))

Call:
glm(formula = admit ~ gre + gpa + rank, family = binomial("logit"), 
    data = df)

Deviance Residuals: 
    Min       1Q   Median       3Q      Max  
-1.5802  -0.8848  -0.6382   1.1575   2.1732  

Coefficients:
             Estimate Std. Error z value Pr(>|z|)    
(Intercept) -3.449548   1.132846  -3.045  0.00233 ** 
gre          0.002294   0.001092   2.101  0.03564 *  
gpa          0.777014   0.327484   2.373  0.01766 *  
rank        -0.560031   0.127137  -4.405 1.06e-05 ***
---
Signif. codes:  0 ‘***’ 0.001 ‘**’ 0.01 ‘*’ 0.05 ‘.’ 0.1 ‘ ’ 1

(Dispersion parameter for binomial family taken to be 1)

    Null deviance: 499.98  on 399  degrees of freedom
Residual deviance: 459.44  on 396  degrees of freedom
AIC: 467.44

Number of Fisher Scoring iterations: 4

> 
> 
